18:28:07 **** Build of configuration Debug for project 01_GPIO_toggle_addr ****
make -j12 all 
arm-none-eabi-gcc -o "01_GPIO_toggle_addr.elf" @"objects.list"   -mcpu=cortex-m0 -T"C:\Users\brajo\OneDrive\Desktop\Github\stm32-baremetal-drivers\01_GPIO\GPIO_toggle_addr\STM32F030C8TX_FLASH.ld" --specs=nosys.specs -Wl,-Map="01_GPIO_toggle_addr.map" -Wl,--gc-sections -static --specs=nano.specs -mfloat-abi=soft -mthumb -Wl,--start-group -lc -lm -Wl,--end-group
Finished building target: 01_GPIO_toggle_addr.elf
 
arm-none-eabi-size  01_GPIO_toggle_addr.elf 
arm-none-eabi-objdump -h -S 01_GPIO_toggle_addr.elf  > "01_GPIO_toggle_addr.list"
   text	   data	    bss	    dec	    hex	filename
    556	      0	   1568	   2124	    84c	01_GPIO_toggle_addr.elf
Finished building: default.size.stdout
 
Finished building: 01_GPIO_toggle_addr.list
 

18:28:07 Build Finished. 0 errors, 0 warnings. (took 512ms)

