11:37:36 **** Incremental Build of configuration Debug for project GPIO_Output ****
make -j12 all 
arm-none-eabi-gcc "../Src/main.c" -mcpu=cortex-m0 -std=gnu11 -g3 -DDEBUG -DSTM32 -DSTM32F0 -DSTM32F030C8Tx -c -I"C:/Users/brajo/OneDrive/Desktop/Github/stm32-baremetal-drivers/01_GPIO/GPIO_Output/Inc" -O0 -ffunction-sections -fdata-sections -Wall -fstack-usage -fcyclomatic-complexity -MMD -MP -MF"Src/main.d" -MT"Src/main.o" --specs=nano.specs -mfloat-abi=soft -mthumb -o "Src/main.o"
arm-none-eabi-gcc -o "GPIO_Output.elf" @"objects.list"   -mcpu=cortex-m0 -T"C:\Users\brajo\OneDrive\Desktop\Github\stm32-baremetal-drivers\01_GPIO\GPIO_Output\STM32F030C8TX_FLASH.ld" --specs=nosys.specs -Wl,-Map="GPIO_Output.map" -Wl,--gc-sections -static --specs=nano.specs -mfloat-abi=soft -mthumb -Wl,--start-group -lc -lm -Wl,--end-group
Finished building target: GPIO_Output.elf
 
arm-none-eabi-size  GPIO_Output.elf 
arm-none-eabi-objdump -h -S GPIO_Output.elf  > "GPIO_Output.list"
   text	   data	    bss	    dec	    hex	filename
    556	      0	   1568	   2124	    84c	GPIO_Output.elf
Finished building: default.size.stdout
 
Finished building: GPIO_Output.list
 

11:37:36 Build Finished. 0 errors, 0 warnings. (took 565ms)

